
[Test_GetValidMoves - 1]
[]string{"down", "left"}
---
