
[Test_OfficialRulesAdapter - 1]
[]string{"down", "left"}
---
